{"error":"Request failed with status code 429","level":"error","message":"CryptoPanic fetch error","plan":"developer","service":"binance-trader","status":429,"timestamp":"2026-03-28 04:37:30 UTC"}
{"error":"Request failed with status code 429","level":"error","message":"CryptoPanic fetch error","plan":"developer","service":"binance-trader","status":429,"timestamp":"2026-03-28 04:37:31 UTC"}
{"error":"Request failed with status code 429","level":"error","message":"CryptoPanic fetch error","plan":"developer","service":"binance-trader","status":429,"timestamp":"2026-03-28 04:37:32 UTC"}
{"error":"Request failed with status code 429","level":"error","message":"CryptoPanic fetch error","plan":"developer","service":"binance-trader","status":429,"timestamp":"2026-03-28 04:37:33 UTC"}
{"error":"Request failed with status code 429","level":"error","message":"CryptoPanic fetch error","plan":"developer","service":"binance-trader","status":429,"timestamp":"2026-03-28 04:37:34 UTC"}
{"error":"Request failed with status code 429","level":"error","message":"CryptoPanic fetch error","plan":"developer","service":"binance-trader","status":429,"timestamp":"2026-03-28 04:37:34 UTC"}
{"error":"Request failed with status code 429","level":"error","message":"CryptoPanic fetch error","plan":"developer","service":"binance-trader","status":429,"timestamp":"2026-03-28 04:37:35 UTC"}
{"error":"Request failed with status code 429","level":"error","message":"CryptoPanic fetch error","plan":"developer","service":"binance-trader","status":429,"timestamp":"2026-03-28 04:37:36 UTC"}
{"error":"Request failed with status code 429","level":"error","message":"CryptoPanic fetch error","plan":"developer","service":"binance-trader","status":429,"timestamp":"2026-03-28 04:37:37 UTC"}
{"error":"Request failed with status code 429","level":"error","message":"CryptoPanic fetch error","plan":"developer","service":"binance-trader","status":429,"timestamp":"2026-03-28 04:37:38 UTC"}
{"error":"Request failed with status code 429","level":"error","message":"CryptoPanic fetch error","plan":"developer","service":"binance-trader","status":429,"timestamp":"2026-03-28 04:37:39 UTC"}
{"error":"Request failed with status code 429","level":"error","message":"CryptoPanic fetch error","plan":"developer","service":"binance-trader","status":429,"timestamp":"2026-03-28 04:37:39 UTC"}
{"endpoint":"/fapi/v1/order","error":"Order type not supported for this endpoint. Please use the Algo Order API endpoints instead.","level":"error","message":"Binance API error","service":"binance-trader","timestamp":"2026-03-28 04:37:41 UTC"}
{"error":"Binance API Error: Order type not supported for this endpoint. Please use the Algo Order API endpoints instead.","level":"error","message":"❌ [Binance] Order execution failed","service":"binance-trader","stack":"Error: Binance API Error: Order type not supported for this endpoint. Please use the Algo Order API endpoints instead.\n    at BinanceFuturesAPI.request (/root/hyperliquid-trader/src/api/binance.js:84:15)\n    at process.processTicksAndRejections (node:internal/process/task_queues:105:5)\n    at async BinanceFuturesAPI.createOrder (/root/hyperliquid-trader/src/api/binance.js:208:12)\n    at async BinanceFuturesAPI.createStopLossOrder (/root/hyperliquid-trader/src/api/binance.js:220:12)\n    at async AutoTrader.executeBinanceOrders (/root/hyperliquid-trader/src/trading/auto-trader.js:871:23)\n    at async AutoTrader.executeTrade (/root/hyperliquid-trader/src/trading/auto-trader.js:752:25)\n    at async AutoTrader.scanSymbol (/root/hyperliquid-trader/src/trading/auto-trader.js:468:9)\n    at async AutoTrader.scan (/root/hyperliquid-trader/src/trading/auto-trader.js:406:11)\n    at async AutoTrader.mainLoop (/root/hyperliquid-trader/src/trading/auto-trader.js:367:9)","symbol":"PORT3USDT","timestamp":"2026-03-28 04:37:41 UTC","tradeId":"e5cb5615-c901-4955-998c-62a1736a8d0b"}
{"error":"Order execution failed - invalid response","level":"error","message":"❌ [CRITICAL] Order execution failed, marking trade as FAILED","service":"binance-trader","stack":"Error: Order execution failed - invalid response\n    at AutoTrader.executeTrade (/root/hyperliquid-trader/src/trading/auto-trader.js:756:17)\n    at process.processTicksAndRejections (node:internal/process/task_queues:105:5)\n    at async AutoTrader.scanSymbol (/root/hyperliquid-trader/src/trading/auto-trader.js:468:9)\n    at async AutoTrader.scan (/root/hyperliquid-trader/src/trading/auto-trader.js:406:11)\n    at async AutoTrader.mainLoop (/root/hyperliquid-trader/src/trading/auto-trader.js:367:9)","symbol":"PORT3USDT","timestamp":"2026-03-28 04:37:41 UTC","tradeId":"e5cb5615-c901-4955-998c-62a1736a8d0b"}
{"error":"Order execution failed - invalid response","level":"error","message":"Execute trade error","service":"binance-trader","stack":"Error: Order execution failed - invalid response\n    at AutoTrader.executeTrade (/root/hyperliquid-trader/src/trading/auto-trader.js:756:17)\n    at process.processTicksAndRejections (node:internal/process/task_queues:105:5)\n    at async AutoTrader.scanSymbol (/root/hyperliquid-trader/src/trading/auto-trader.js:468:9)\n    at async AutoTrader.scan (/root/hyperliquid-trader/src/trading/auto-trader.js:406:11)\n    at async AutoTrader.mainLoop (/root/hyperliquid-trader/src/trading/auto-trader.js:367:9)","symbol":"PORT3USDT","timestamp":"2026-03-28 04:37:41 UTC"}
{"error":"Request failed with status code 429","level":"error","message":"CryptoPanic fetch error","plan":"developer","service":"binance-trader","status":429,"timestamp":"2026-03-28 04:37:41 UTC"}
{"error":"Request failed with status code 429","level":"error","message":"CryptoPanic fetch error","plan":"developer","service":"binance-trader","status":429,"timestamp":"2026-03-28 04:37:42 UTC"}
{"error":"Request failed with status code 429","level":"error","message":"CryptoPanic fetch error","plan":"developer","service":"binance-trader","status":429,"timestamp":"2026-03-28 04:37:43 UTC"}
{"error":"Request failed with status code 429","level":"error","message":"CryptoPanic fetch error","plan":"developer","service":"binance-trader","status":429,"timestamp":"2026-03-28 04:37:44 UTC"}
{"error":"Request failed with status code 429","level":"error","message":"CryptoPanic fetch error","plan":"developer","service":"binance-trader","status":429,"timestamp":"2026-03-28 04:37:44 UTC"}
{"error":"Request failed with status code 429","level":"error","message":"CryptoPanic fetch error","plan":"developer","service":"binance-trader","status":429,"timestamp":"2026-03-28 04:37:45 UTC"}
{"error":"Request failed with status code 429","level":"error","message":"CryptoPanic fetch error","plan":"developer","service":"binance-trader","status":429,"timestamp":"2026-03-28 04:37:46 UTC"}
{"error":"Request failed with status code 429","level":"error","message":"CryptoPanic fetch error","plan":"developer","service":"binance-trader","status":429,"timestamp":"2026-03-28 04:37:47 UTC"}
{"error":"Request failed with status code 429","level":"error","message":"CryptoPanic fetch error","plan":"developer","service":"binance-trader","status":429,"timestamp":"2026-03-28 04:37:48 UTC"}
{"error":"Request failed with status code 429","level":"error","message":"CryptoPanic fetch error","plan":"developer","service":"binance-trader","status":429,"timestamp":"2026-03-28 04:37:48 UTC"}
{"error":"Request failed with status code 429","level":"error","message":"CryptoPanic fetch error","plan":"developer","service":"binance-trader","status":429,"timestamp":"2026-03-28 04:37:49 UTC"}
{"error":"Request failed with status code 429","level":"error","message":"CryptoPanic fetch error","plan":"developer","service":"binance-trader","status":429,"timestamp":"2026-03-28 04:37:50 UTC"}
{"error":"Request failed with status code 429","level":"error","message":"CryptoPanic fetch error","plan":"developer","service":"binance-trader","status":429,"timestamp":"2026-03-28 04:37:51 UTC"}
{"error":"Request failed with status code 429","level":"error","message":"CryptoPanic fetch error","plan":"developer","service":"binance-trader","status":429,"timestamp":"2026-03-28 04:37:51 UTC"}
{"error":"Request failed with status code 429","level":"error","message":"CryptoPanic fetch error","plan":"developer","service":"binance-trader","status":429,"timestamp":"2026-03-28 04:37:52 UTC"}
{"error":"Request failed with status code 429","level":"error","message":"CryptoPanic fetch error","plan":"developer","service":"binance-trader","status":429,"timestamp":"2026-03-28 04:37:53 UTC"}
{"error":"Request failed with status code 429","level":"error","message":"CryptoPanic fetch error","plan":"developer","service":"binance-trader","status":429,"timestamp":"2026-03-28 04:37:54 UTC"}
{"error":"Request failed with status code 429","level":"error","message":"CryptoPanic fetch error","plan":"developer","service":"binance-trader","status":429,"timestamp":"2026-03-28 04:37:55 UTC"}
{"error":"Request failed with status code 429","level":"error","message":"CryptoPanic fetch error","plan":"developer","service":"binance-trader","status":429,"timestamp":"2026-03-28 04:38:01 UTC"}
{"error":"Request failed with status code 429","level":"error","message":"CryptoPanic fetch error","plan":"developer","service":"binance-trader","status":429,"timestamp":"2026-03-28 04:38:02 UTC"}
{"error":"Request failed with status code 429","level":"error","message":"CryptoPanic fetch error","plan":"developer","service":"binance-trader","status":429,"timestamp":"2026-03-28 04:38:02 UTC"}
{"error":"Request failed with status code 429","level":"error","message":"CryptoPanic fetch error","plan":"developer","service":"binance-trader","status":429,"timestamp":"2026-03-28 04:38:03 UTC"}
{"error":"Request failed with status code 429","level":"error","message":"CryptoPanic fetch error","plan":"developer","service":"binance-trader","status":429,"timestamp":"2026-03-28 04:38:04 UTC"}
{"error":"Request failed with status code 429","level":"error","message":"CryptoPanic fetch error","plan":"developer","service":"binance-trader","status":429,"timestamp":"2026-03-28 04:38:04 UTC"}
{"error":"Request failed with status code 429","level":"error","message":"CryptoPanic fetch error","plan":"developer","service":"binance-trader","status":429,"timestamp":"2026-03-28 04:38:05 UTC"}
{"error":"Request failed with status code 429","level":"error","message":"CryptoPanic fetch error","plan":"developer","service":"binance-trader","status":429,"timestamp":"2026-03-28 04:38:05 UTC"}
{"error":"Request failed with status code 429","level":"error","message":"CryptoPanic fetch error","plan":"developer","service":"binance-trader","status":429,"timestamp":"2026-03-28 04:38:06 UTC"}
{"error":"Request failed with status code 429","level":"error","message":"CryptoPanic fetch error","plan":"developer","service":"binance-trader","status":429,"timestamp":"2026-03-28 04:38:06 UTC"}
{"error":"Request failed with status code 429","level":"error","message":"CryptoPanic fetch error","plan":"developer","service":"binance-trader","status":429,"timestamp":"2026-03-28 04:38:07 UTC"}
{"error":"Request failed with status code 429","level":"error","message":"CryptoPanic fetch error","plan":"developer","service":"binance-trader","status":429,"timestamp":"2026-03-28 04:38:07 UTC"}
{"error":"Request failed with status code 429","level":"error","message":"CryptoPanic fetch error","plan":"developer","service":"binance-trader","status":429,"timestamp":"2026-03-28 04:38:08 UTC"}
{"error":"Request failed with status code 429","level":"error","message":"CryptoPanic fetch error","plan":"developer","service":"binance-trader","status":429,"timestamp":"2026-03-28 04:38:09 UTC"}
{"error":"Request failed with status code 429","level":"error","message":"CryptoPanic fetch error","plan":"developer","service":"binance-trader","status":429,"timestamp":"2026-03-28 04:38:09 UTC"}
{"error":"Request failed with status code 429","level":"error","message":"CryptoPanic fetch error","plan":"developer","service":"binance-trader","status":429,"timestamp":"2026-03-28 04:38:10 UTC"}
{"error":"Request failed with status code 429","level":"error","message":"CryptoPanic fetch error","plan":"developer","service":"binance-trader","status":429,"timestamp":"2026-03-28 04:38:10 UTC"}
{"error":"Request failed with status code 429","level":"error","message":"CryptoPanic fetch error","plan":"developer","service":"binance-trader","status":429,"timestamp":"2026-03-28 04:38:11 UTC"}
{"error":"Request failed with status code 429","level":"error","message":"CryptoPanic fetch error","plan":"developer","service":"binance-trader","status":429,"timestamp":"2026-03-28 04:38:11 UTC"}
{"error":"Request failed with status code 429","level":"error","message":"CryptoPanic fetch error","plan":"developer","service":"binance-trader","status":429,"timestamp":"2026-03-28 04:38:12 UTC"}
{"error":"Request failed with status code 429","level":"error","message":"CryptoPanic fetch error","plan":"developer","service":"binance-trader","status":429,"timestamp":"2026-03-28 04:38:12 UTC"}
{"error":"Request failed with status code 429","level":"error","message":"CryptoPanic fetch error","plan":"developer","service":"binance-trader","status":429,"timestamp":"2026-03-28 04:38:13 UTC"}
{"error":"Request failed with status code 429","level":"error","message":"CryptoPanic fetch error","plan":"developer","service":"binance-trader","status":429,"timestamp":"2026-03-28 04:38:14 UTC"}
{"error":"Request failed with status code 429","level":"error","message":"CryptoPanic fetch error","plan":"developer","service":"binance-trader","status":429,"timestamp":"2026-03-28 04:38:14 UTC"}
{"error":"Request failed with status code 429","level":"error","message":"CryptoPanic fetch error","plan":"developer","service":"binance-trader","status":429,"timestamp":"2026-03-28 04:38:15 UTC"}
{"error":"Request failed with status code 429","level":"error","message":"CryptoPanic fetch error","plan":"developer","service":"binance-trader","status":429,"timestamp":"2026-03-28 04:38:16 UTC"}
{"error":"Request failed with status code 429","level":"error","message":"CryptoPanic fetch error","plan":"developer","service":"binance-trader","status":429,"timestamp":"2026-03-28 04:38:16 UTC"}
{"error":"Request failed with status code 429","level":"error","message":"CryptoPanic fetch error","plan":"developer","service":"binance-trader","status":429,"timestamp":"2026-03-28 04:38:17 UTC"}
{"error":"Request failed with status code 429","level":"error","message":"CryptoPanic fetch error","plan":"developer","service":"binance-trader","status":429,"timestamp":"2026-03-28 04:38:17 UTC"}
{"error":"Request failed with status code 429","level":"error","message":"CryptoPanic fetch error","plan":"developer","service":"binance-trader","status":429,"timestamp":"2026-03-28 04:38:18 UTC"}
{"error":"Request failed with status code 429","level":"error","message":"CryptoPanic fetch error","plan":"developer","service":"binance-trader","status":429,"timestamp":"2026-03-28 04:38:26 UTC"}
{"error":"Request failed with status code 429","level":"error","message":"CryptoPanic fetch error","plan":"developer","service":"binance-trader","status":429,"timestamp":"2026-03-28 04:38:26 UTC"}
{"error":"Request failed with status code 429","level":"error","message":"CryptoPanic fetch error","plan":"developer","service":"binance-trader","status":429,"timestamp":"2026-03-28 04:38:27 UTC"}
{"error":"Request failed with status code 429","level":"error","message":"CryptoPanic fetch error","plan":"developer","service":"binance-trader","status":429,"timestamp":"2026-03-28 04:38:27 UTC"}
{"error":"Request failed with status code 429","level":"error","message":"CryptoPanic fetch error","plan":"developer","service":"binance-trader","status":429,"timestamp":"2026-03-28 04:38:28 UTC"}
{"error":"Request failed with status code 429","level":"error","message":"CryptoPanic fetch error","plan":"developer","service":"binance-trader","status":429,"timestamp":"2026-03-28 04:38:29 UTC"}
{"error":"Request failed with status code 429","level":"error","message":"CryptoPanic fetch error","plan":"developer","service":"binance-trader","status":429,"timestamp":"2026-03-28 04:38:29 UTC"}
{"error":"Request failed with status code 429","level":"error","message":"CryptoPanic fetch error","plan":"developer","service":"binance-trader","status":429,"timestamp":"2026-03-28 04:38:30 UTC"}
{"error":"Request failed with status code 429","level":"error","message":"CryptoPanic fetch error","plan":"developer","service":"binance-trader","status":429,"timestamp":"2026-03-28 04:38:30 UTC"}
{"error":"Request failed with status code 429","level":"error","message":"CryptoPanic fetch error","plan":"developer","service":"binance-trader","status":429,"timestamp":"2026-03-28 04:38:31 UTC"}
{"error":"Request failed with status code 429","level":"error","message":"CryptoPanic fetch error","plan":"developer","service":"binance-trader","status":429,"timestamp":"2026-03-28 04:38:31 UTC"}
{"error":"Request failed with status code 429","level":"error","message":"CryptoPanic fetch error","plan":"developer","service":"binance-trader","status":429,"timestamp":"2026-03-28 04:38:32 UTC"}
{"error":"Request failed with status code 429","level":"error","message":"CryptoPanic fetch error","plan":"developer","service":"binance-trader","status":429,"timestamp":"2026-03-28 04:38:33 UTC"}
{"error":"Request failed with status code 429","level":"error","message":"CryptoPanic fetch error","plan":"developer","service":"binance-trader","status":429,"timestamp":"2026-03-28 04:38:33 UTC"}
{"error":"Request failed with status code 429","level":"error","message":"CryptoPanic fetch error","plan":"developer","service":"binance-trader","status":429,"timestamp":"2026-03-28 04:38:34 UTC"}
{"error":"Request failed with status code 429","level":"error","message":"CryptoPanic fetch error","plan":"developer","service":"binance-trader","status":429,"timestamp":"2026-03-28 04:38:34 UTC"}
{"error":"Request failed with status code 429","level":"error","message":"CryptoPanic fetch error","plan":"developer","service":"binance-trader","status":429,"timestamp":"2026-03-28 04:38:35 UTC"}
{"error":"Request failed with status code 429","level":"error","message":"CryptoPanic fetch error","plan":"developer","service":"binance-trader","status":429,"timestamp":"2026-03-28 04:38:36 UTC"}
{"error":"Request failed with status code 429","level":"error","message":"CryptoPanic fetch error","plan":"developer","service":"binance-trader","status":429,"timestamp":"2026-03-28 04:38:36 UTC"}
{"error":"Request failed with status code 429","level":"error","message":"CryptoPanic fetch error","plan":"developer","service":"binance-trader","status":429,"timestamp":"2026-03-28 04:38:38 UTC"}
{"error":"Request failed with status code 429","level":"error","message":"CryptoPanic fetch error","plan":"developer","service":"binance-trader","status":429,"timestamp":"2026-03-28 04:38:38 UTC"}
{"error":"Request failed with status code 429","level":"error","message":"CryptoPanic fetch error","plan":"developer","service":"binance-trader","status":429,"timestamp":"2026-03-28 04:38:39 UTC"}
{"error":"Request failed with status code 429","level":"error","message":"CryptoPanic fetch error","plan":"developer","service":"binance-trader","status":429,"timestamp":"2026-03-28 04:38:39 UTC"}
{"error":"Request failed with status code 429","level":"error","message":"CryptoPanic fetch error","plan":"developer","service":"binance-trader","status":429,"timestamp":"2026-03-28 04:38:40 UTC"}
{"error":"Request failed with status code 429","level":"error","message":"CryptoPanic fetch error","plan":"developer","service":"binance-trader","status":429,"timestamp":"2026-03-28 04:38:40 UTC"}
{"error":"Request failed with status code 429","level":"error","message":"CryptoPanic fetch error","plan":"developer","service":"binance-trader","status":429,"timestamp":"2026-03-28 04:38:41 UTC"}
{"error":"Request failed with status code 429","level":"error","message":"CryptoPanic fetch error","plan":"developer","service":"binance-trader","status":429,"timestamp":"2026-03-28 04:38:42 UTC"}
{"error":"Request failed with status code 429","level":"error","message":"CryptoPanic fetch error","plan":"developer","service":"binance-trader","status":429,"timestamp":"2026-03-28 04:38:42 UTC"}
{"error":"Request failed with status code 429","level":"error","message":"CryptoPanic fetch error","plan":"developer","service":"binance-trader","status":429,"timestamp":"2026-03-28 04:38:43 UTC"}
{"error":"Request failed with status code 429","level":"error","message":"CryptoPanic fetch error","plan":"developer","service":"binance-trader","status":429,"timestamp":"2026-03-28 04:38:43 UTC"}
{"error":"Request failed with status code 429","level":"error","message":"CryptoPanic fetch error","plan":"developer","service":"binance-trader","status":429,"timestamp":"2026-03-28 04:38:50 UTC"}
{"error":"Request failed with status code 429","level":"error","message":"CryptoPanic fetch error","plan":"developer","service":"binance-trader","status":429,"timestamp":"2026-03-28 04:38:50 UTC"}
{"error":"Request failed with status code 429","level":"error","message":"CryptoPanic fetch error","plan":"developer","service":"binance-trader","status":429,"timestamp":"2026-03-28 04:38:51 UTC"}
{"error":"Request failed with status code 429","level":"error","message":"CryptoPanic fetch error","plan":"developer","service":"binance-trader","status":429,"timestamp":"2026-03-28 04:38:51 UTC"}
{"error":"Request failed with status code 429","level":"error","message":"CryptoPanic fetch error","plan":"developer","service":"binance-trader","status":429,"timestamp":"2026-03-28 04:38:52 UTC"}
{"error":"Request failed with status code 429","level":"error","message":"CryptoPanic fetch error","plan":"developer","service":"binance-trader","status":429,"timestamp":"2026-03-28 04:38:53 UTC"}
{"error":"Request failed with status code 429","level":"error","message":"CryptoPanic fetch error","plan":"developer","service":"binance-trader","status":429,"timestamp":"2026-03-28 04:38:53 UTC"}
{"error":"Request failed with status code 429","level":"error","message":"CryptoPanic fetch error","plan":"developer","service":"binance-trader","status":429,"timestamp":"2026-03-28 04:38:54 UTC"}
{"error":"Request failed with status code 429","level":"error","message":"CryptoPanic fetch error","plan":"developer","service":"binance-trader","status":429,"timestamp":"2026-03-28 04:38:55 UTC"}
{"error":"Request failed with status code 429","level":"error","message":"CryptoPanic fetch error","plan":"developer","service":"binance-trader","status":429,"timestamp":"2026-03-28 04:38:55 UTC"}
{"error":"Request failed with status code 429","level":"error","message":"CryptoPanic fetch error","plan":"developer","service":"binance-trader","status":429,"timestamp":"2026-03-28 04:38:56 UTC"}
{"error":"Request failed with status code 429","level":"error","message":"CryptoPanic fetch error","plan":"developer","service":"binance-trader","status":429,"timestamp":"2026-03-28 04:38:57 UTC"}
{"error":"Request failed with status code 429","level":"error","message":"CryptoPanic fetch error","plan":"developer","service":"binance-trader","status":429,"timestamp":"2026-03-28 04:38:58 UTC"}
{"error":"Request failed with status code 429","level":"error","message":"CryptoPanic fetch error","plan":"developer","service":"binance-trader","status":429,"timestamp":"2026-03-28 04:38:58 UTC"}
{"error":"Request failed with status code 429","level":"error","message":"CryptoPanic fetch error","plan":"developer","service":"binance-trader","status":429,"timestamp":"2026-03-28 04:38:59 UTC"}
{"error":"Request failed with status code 429","level":"error","message":"CryptoPanic fetch error","plan":"developer","service":"binance-trader","status":429,"timestamp":"2026-03-28 04:39:00 UTC"}
{"error":"Request failed with status code 429","level":"error","message":"CryptoPanic fetch error","plan":"developer","service":"binance-trader","status":429,"timestamp":"2026-03-28 04:39:00 UTC"}
{"error":"Request failed with status code 429","level":"error","message":"CryptoPanic fetch error","plan":"developer","service":"binance-trader","status":429,"timestamp":"2026-03-28 04:39:01 UTC"}
{"error":"Request failed with status code 429","level":"error","message":"CryptoPanic fetch error","plan":"developer","service":"binance-trader","status":429,"timestamp":"2026-03-28 04:39:02 UTC"}
{"error":"Request failed with status code 429","level":"error","message":"CryptoPanic fetch error","plan":"developer","service":"binance-trader","status":429,"timestamp":"2026-03-28 04:39:02 UTC"}
{"error":"Request failed with status code 429","level":"error","message":"CryptoPanic fetch error","plan":"developer","service":"binance-trader","status":429,"timestamp":"2026-03-28 04:39:03 UTC"}
{"error":"Request failed with status code 429","level":"error","message":"CryptoPanic fetch error","plan":"developer","service":"binance-trader","status":429,"timestamp":"2026-03-28 04:39:04 UTC"}
{"error":"Request failed with status code 429","level":"error","message":"CryptoPanic fetch error","plan":"developer","service":"binance-trader","status":429,"timestamp":"2026-03-28 04:39:05 UTC"}
{"error":"Request failed with status code 429","level":"error","message":"CryptoPanic fetch error","plan":"developer","service":"binance-trader","status":429,"timestamp":"2026-03-28 04:39:05 UTC"}
{"error":"Request failed with status code 429","level":"error","message":"CryptoPanic fetch error","plan":"developer","service":"binance-trader","status":429,"timestamp":"2026-03-28 04:39:06 UTC"}
{"error":"Request failed with status code 429","level":"error","message":"CryptoPanic fetch error","plan":"developer","service":"binance-trader","status":429,"timestamp":"2026-03-28 04:39:07 UTC"}
{"error":"Request failed with status code 429","level":"error","message":"CryptoPanic fetch error","plan":"developer","service":"binance-trader","status":429,"timestamp":"2026-03-28 04:39:07 UTC"}
{"error":"Request failed with status code 429","level":"error","message":"CryptoPanic fetch error","plan":"developer","service":"binance-trader","status":429,"timestamp":"2026-03-28 04:39:08 UTC"}
{"error":"Request failed with status code 429","level":"error","message":"CryptoPanic fetch error","plan":"developer","service":"binance-trader","status":429,"timestamp":"2026-03-28 04:39:09 UTC"}
{"error":"Request failed with status code 429","level":"error","message":"CryptoPanic fetch error","plan":"developer","service":"binance-trader","status":429,"timestamp":"2026-03-28 04:39:09 UTC"}
{"error":"Request failed with status code 429","level":"error","message":"CryptoPanic fetch error","plan":"developer","service":"binance-trader","status":429,"timestamp":"2026-03-28 04:39:16 UTC"}
{"error":"Request failed with status code 429","level":"error","message":"CryptoPanic fetch error","plan":"developer","service":"binance-trader","status":429,"timestamp":"2026-03-28 04:39:16 UTC"}
{"error":"Request failed with status code 429","level":"error","message":"CryptoPanic fetch error","plan":"developer","service":"binance-trader","status":429,"timestamp":"2026-03-28 04:39:17 UTC"}
{"error":"Request failed with status code 429","level":"error","message":"CryptoPanic fetch error","plan":"developer","service":"binance-trader","status":429,"timestamp":"2026-03-28 04:39:18 UTC"}
{"error":"Request failed with status code 429","level":"error","message":"CryptoPanic fetch error","plan":"developer","service":"binance-trader","status":429,"timestamp":"2026-03-28 04:39:18 UTC"}
{"error":"Request failed with status code 429","level":"error","message":"CryptoPanic fetch error","plan":"developer","service":"binance-trader","status":429,"timestamp":"2026-03-28 04:39:19 UTC"}
{"error":"Request failed with status code 429","level":"error","message":"CryptoPanic fetch error","plan":"developer","service":"binance-trader","status":429,"timestamp":"2026-03-28 04:39:19 UTC"}
{"error":"Request failed with status code 429","level":"error","message":"CryptoPanic fetch error","plan":"developer","service":"binance-trader","status":429,"timestamp":"2026-03-28 04:39:20 UTC"}
{"error":"Request failed with status code 429","level":"error","message":"CryptoPanic fetch error","plan":"developer","service":"binance-trader","status":429,"timestamp":"2026-03-28 04:39:20 UTC"}
{"error":"Request failed with status code 429","level":"error","message":"CryptoPanic fetch error","plan":"developer","service":"binance-trader","status":429,"timestamp":"2026-03-28 04:39:21 UTC"}
{"error":"Request failed with status code 429","level":"error","message":"CryptoPanic fetch error","plan":"developer","service":"binance-trader","status":429,"timestamp":"2026-03-28 04:39:22 UTC"}
{"error":"Request failed with status code 429","level":"error","message":"CryptoPanic fetch error","plan":"developer","service":"binance-trader","status":429,"timestamp":"2026-03-28 04:39:22 UTC"}
{"error":"Request failed with status code 429","level":"error","message":"CryptoPanic fetch error","plan":"developer","service":"binance-trader","status":429,"timestamp":"2026-03-28 04:39:23 UTC"}
{"error":"Request failed with status code 429","level":"error","message":"CryptoPanic fetch error","plan":"developer","service":"binance-trader","status":429,"timestamp":"2026-03-28 04:39:23 UTC"}
{"error":"Request failed with status code 429","level":"error","message":"CryptoPanic fetch error","plan":"developer","service":"binance-trader","status":429,"timestamp":"2026-03-28 04:39:24 UTC"}
{"error":"Request failed with status code 429","level":"error","message":"CryptoPanic fetch error","plan":"developer","service":"binance-trader","status":429,"timestamp":"2026-03-28 04:39:25 UTC"}
{"error":"Request failed with status code 429","level":"error","message":"CryptoPanic fetch error","plan":"developer","service":"binance-trader","status":429,"timestamp":"2026-03-28 04:39:25 UTC"}
{"error":"Request failed with status code 429","level":"error","message":"CryptoPanic fetch error","plan":"developer","service":"binance-trader","status":429,"timestamp":"2026-03-28 04:39:26 UTC"}
{"error":"Request failed with status code 429","level":"error","message":"CryptoPanic fetch error","plan":"developer","service":"binance-trader","status":429,"timestamp":"2026-03-28 04:39:26 UTC"}
{"error":"Request failed with status code 429","level":"error","message":"CryptoPanic fetch error","plan":"developer","service":"binance-trader","status":429,"timestamp":"2026-03-28 04:39:27 UTC"}
{"error":"Request failed with status code 429","level":"error","message":"CryptoPanic fetch error","plan":"developer","service":"binance-trader","status":429,"timestamp":"2026-03-28 04:39:27 UTC"}
{"error":"Request failed with status code 429","level":"error","message":"CryptoPanic fetch error","plan":"developer","service":"binance-trader","status":429,"timestamp":"2026-03-28 04:39:28 UTC"}
{"error":"Request failed with status code 429","level":"error","message":"CryptoPanic fetch error","plan":"developer","service":"binance-trader","status":429,"timestamp":"2026-03-28 04:39:29 UTC"}
{"error":"Request failed with status code 429","level":"error","message":"CryptoPanic fetch error","plan":"developer","service":"binance-trader","status":429,"timestamp":"2026-03-28 04:39:29 UTC"}
{"error":"Request failed with status code 429","level":"error","message":"CryptoPanic fetch error","plan":"developer","service":"binance-trader","status":429,"timestamp":"2026-03-28 04:39:30 UTC"}
{"error":"Request failed with status code 429","level":"error","message":"CryptoPanic fetch error","plan":"developer","service":"binance-trader","status":429,"timestamp":"2026-03-28 04:39:30 UTC"}
{"error":"Request failed with status code 429","level":"error","message":"CryptoPanic fetch error","plan":"developer","service":"binance-trader","status":429,"timestamp":"2026-03-28 04:39:31 UTC"}
{"error":"Request failed with status code 429","level":"error","message":"CryptoPanic fetch error","plan":"developer","service":"binance-trader","status":429,"timestamp":"2026-03-28 04:39:32 UTC"}
{"error":"Request failed with status code 429","level":"error","message":"CryptoPanic fetch error","plan":"developer","service":"binance-trader","status":429,"timestamp":"2026-03-28 04:39:32 UTC"}
{"error":"Request failed with status code 429","level":"error","message":"CryptoPanic fetch error","plan":"developer","service":"binance-trader","status":429,"timestamp":"2026-03-28 04:39:33 UTC"}
{"error":"Request failed with status code 429","level":"error","message":"CryptoPanic fetch error","plan":"developer","service":"binance-trader","status":429,"timestamp":"2026-03-28 04:39:39 UTC"}
{"error":"Request failed with status code 429","level":"error","message":"CryptoPanic fetch error","plan":"developer","service":"binance-trader","status":429,"timestamp":"2026-03-28 04:39:39 UTC"}
{"error":"Request failed with status code 429","level":"error","message":"CryptoPanic fetch error","plan":"developer","service":"binance-trader","status":429,"timestamp":"2026-03-28 04:39:40 UTC"}
{"error":"Request failed with status code 429","level":"error","message":"CryptoPanic fetch error","plan":"developer","service":"binance-trader","status":429,"timestamp":"2026-03-28 04:39:40 UTC"}
{"error":"Request failed with status code 429","level":"error","message":"CryptoPanic fetch error","plan":"developer","service":"binance-trader","status":429,"timestamp":"2026-03-28 04:39:41 UTC"}
{"error":"Request failed with status code 429","level":"error","message":"CryptoPanic fetch error","plan":"developer","service":"binance-trader","status":429,"timestamp":"2026-03-28 04:39:41 UTC"}
{"error":"Request failed with status code 429","level":"error","message":"CryptoPanic fetch error","plan":"developer","service":"binance-trader","status":429,"timestamp":"2026-03-28 04:39:42 UTC"}
{"error":"Request failed with status code 429","level":"error","message":"CryptoPanic fetch error","plan":"developer","service":"binance-trader","status":429,"timestamp":"2026-03-28 04:39:42 UTC"}
{"error":"Request failed with status code 429","level":"error","message":"CryptoPanic fetch error","plan":"developer","service":"binance-trader","status":429,"timestamp":"2026-03-28 04:39:43 UTC"}
{"error":"Request failed with status code 429","level":"error","message":"CryptoPanic fetch error","plan":"developer","service":"binance-trader","status":429,"timestamp":"2026-03-28 04:39:44 UTC"}
{"error":"Request failed with status code 429","level":"error","message":"CryptoPanic fetch error","plan":"developer","service":"binance-trader","status":429,"timestamp":"2026-03-28 04:39:44 UTC"}
{"error":"Request failed with status code 429","level":"error","message":"CryptoPanic fetch error","plan":"developer","service":"binance-trader","status":429,"timestamp":"2026-03-28 04:39:45 UTC"}
{"error":"Request failed with status code 429","level":"error","message":"CryptoPanic fetch error","plan":"developer","service":"binance-trader","status":429,"timestamp":"2026-03-28 04:39:46 UTC"}
{"error":"Request failed with status code 429","level":"error","message":"CryptoPanic fetch error","plan":"developer","service":"binance-trader","status":429,"timestamp":"2026-03-28 04:39:46 UTC"}
{"error":"Request failed with status code 429","level":"error","message":"CryptoPanic fetch error","plan":"developer","service":"binance-trader","status":429,"timestamp":"2026-03-28 04:39:47 UTC"}
{"error":"Request failed with status code 429","level":"error","message":"CryptoPanic fetch error","plan":"developer","service":"binance-trader","status":429,"timestamp":"2026-03-28 04:39:47 UTC"}
{"error":"Request failed with status code 429","level":"error","message":"CryptoPanic fetch error","plan":"developer","service":"binance-trader","status":429,"timestamp":"2026-03-28 04:39:48 UTC"}
{"error":"Request failed with status code 429","level":"error","message":"CryptoPanic fetch error","plan":"developer","service":"binance-trader","status":429,"timestamp":"2026-03-28 04:39:48 UTC"}
{"error":"Request failed with status code 429","level":"error","message":"CryptoPanic fetch error","plan":"developer","service":"binance-trader","status":429,"timestamp":"2026-03-28 04:39:49 UTC"}
{"error":"Request failed with status code 429","level":"error","message":"CryptoPanic fetch error","plan":"developer","service":"binance-trader","status":429,"timestamp":"2026-03-28 04:39:50 UTC"}
{"error":"Request failed with status code 429","level":"error","message":"CryptoPanic fetch error","plan":"developer","service":"binance-trader","status":429,"timestamp":"2026-03-28 04:39:50 UTC"}
{"error":"Request failed with status code 429","level":"error","message":"CryptoPanic fetch error","plan":"developer","service":"binance-trader","status":429,"timestamp":"2026-03-28 04:39:51 UTC"}
{"error":"Request failed with status code 429","level":"error","message":"CryptoPanic fetch error","plan":"developer","service":"binance-trader","status":429,"timestamp":"2026-03-28 04:39:52 UTC"}
{"error":"Request failed with status code 429","level":"error","message":"CryptoPanic fetch error","plan":"developer","service":"binance-trader","status":429,"timestamp":"2026-03-28 04:39:52 UTC"}
{"error":"Request failed with status code 429","level":"error","message":"CryptoPanic fetch error","plan":"developer","service":"binance-trader","status":429,"timestamp":"2026-03-28 04:39:53 UTC"}
{"error":"Request failed with status code 429","level":"error","message":"CryptoPanic fetch error","plan":"developer","service":"binance-trader","status":429,"timestamp":"2026-03-28 04:39:53 UTC"}
{"error":"Request failed with status code 429","level":"error","message":"CryptoPanic fetch error","plan":"developer","service":"binance-trader","status":429,"timestamp":"2026-03-28 04:39:54 UTC"}
{"error":"Request failed with status code 429","level":"error","message":"CryptoPanic fetch error","plan":"developer","service":"binance-trader","status":429,"timestamp":"2026-03-28 04:39:54 UTC"}
{"error":"Request failed with status code 429","level":"error","message":"CryptoPanic fetch error","plan":"developer","service":"binance-trader","status":429,"timestamp":"2026-03-28 04:39:55 UTC"}
{"error":"Request failed with status code 429","level":"error","message":"CryptoPanic fetch error","plan":"developer","service":"binance-trader","status":429,"timestamp":"2026-03-28 04:39:55 UTC"}
{"error":"Request failed with status code 429","level":"error","message":"CryptoPanic fetch error","plan":"developer","service":"binance-trader","status":429,"timestamp":"2026-03-28 04:40:02 UTC"}
{"error":"Request failed with status code 429","level":"error","message":"CryptoPanic fetch error","plan":"developer","service":"binance-trader","status":429,"timestamp":"2026-03-28 04:40:03 UTC"}
{"error":"Request failed with status code 429","level":"error","message":"CryptoPanic fetch error","plan":"developer","service":"binance-trader","status":429,"timestamp":"2026-03-28 04:40:03 UTC"}
{"error":"Request failed with status code 429","level":"error","message":"CryptoPanic fetch error","plan":"developer","service":"binance-trader","status":429,"timestamp":"2026-03-28 04:40:04 UTC"}
{"error":"Request failed with status code 429","level":"error","message":"CryptoPanic fetch error","plan":"developer","service":"binance-trader","status":429,"timestamp":"2026-03-28 04:40:05 UTC"}
{"error":"Request failed with status code 429","level":"error","message":"CryptoPanic fetch error","plan":"developer","service":"binance-trader","status":429,"timestamp":"2026-03-28 04:40:05 UTC"}
{"error":"Request failed with status code 429","level":"error","message":"CryptoPanic fetch error","plan":"developer","service":"binance-trader","status":429,"timestamp":"2026-03-28 04:40:06 UTC"}
{"error":"Request failed with status code 429","level":"error","message":"CryptoPanic fetch error","plan":"developer","service":"binance-trader","status":429,"timestamp":"2026-03-28 04:40:07 UTC"}
{"error":"Request failed with status code 429","level":"error","message":"CryptoPanic fetch error","plan":"developer","service":"binance-trader","status":429,"timestamp":"2026-03-28 04:40:07 UTC"}
{"error":"Request failed with status code 429","level":"error","message":"CryptoPanic fetch error","plan":"developer","service":"binance-trader","status":429,"timestamp":"2026-03-28 04:40:08 UTC"}
{"error":"Request failed with status code 429","level":"error","message":"CryptoPanic fetch error","plan":"developer","service":"binance-trader","status":429,"timestamp":"2026-03-28 04:40:09 UTC"}
{"error":"Request failed with status code 429","level":"error","message":"CryptoPanic fetch error","plan":"developer","service":"binance-trader","status":429,"timestamp":"2026-03-28 04:40:09 UTC"}
{"error":"Request failed with status code 429","level":"error","message":"CryptoPanic fetch error","plan":"developer","service":"binance-trader","status":429,"timestamp":"2026-03-28 04:40:10 UTC"}
{"error":"Request failed with status code 429","level":"error","message":"CryptoPanic fetch error","plan":"developer","service":"binance-trader","status":429,"timestamp":"2026-03-28 04:40:11 UTC"}
{"error":"Request failed with status code 429","level":"error","message":"CryptoPanic fetch error","plan":"developer","service":"binance-trader","status":429,"timestamp":"2026-03-28 04:40:11 UTC"}
{"error":"Request failed with status code 429","level":"error","message":"CryptoPanic fetch error","plan":"developer","service":"binance-trader","status":429,"timestamp":"2026-03-28 04:40:12 UTC"}
{"error":"Request failed with status code 429","level":"error","message":"CryptoPanic fetch error","plan":"developer","service":"binance-trader","status":429,"timestamp":"2026-03-28 04:40:13 UTC"}
{"error":"Request failed with status code 429","level":"error","message":"CryptoPanic fetch error","plan":"developer","service":"binance-trader","status":429,"timestamp":"2026-03-28 04:40:14 UTC"}
{"error":"Request failed with status code 429","level":"error","message":"CryptoPanic fetch error","plan":"developer","service":"binance-trader","status":429,"timestamp":"2026-03-28 04:40:14 UTC"}
{"error":"Request failed with status code 429","level":"error","message":"CryptoPanic fetch error","plan":"developer","service":"binance-trader","status":429,"timestamp":"2026-03-28 04:40:15 UTC"}
{"error":"Request failed with status code 429","level":"error","message":"CryptoPanic fetch error","plan":"developer","service":"binance-trader","status":429,"timestamp":"2026-03-28 04:40:16 UTC"}
{"error":"Request failed with status code 429","level":"error","message":"CryptoPanic fetch error","plan":"developer","service":"binance-trader","status":429,"timestamp":"2026-03-28 04:40:16 UTC"}
{"error":"Request failed with status code 429","level":"error","message":"CryptoPanic fetch error","plan":"developer","service":"binance-trader","status":429,"timestamp":"2026-03-28 04:40:17 UTC"}
{"error":"Request failed with status code 429","level":"error","message":"CryptoPanic fetch error","plan":"developer","service":"binance-trader","status":429,"timestamp":"2026-03-28 04:40:18 UTC"}
{"error":"Request failed with status code 429","level":"error","message":"CryptoPanic fetch error","plan":"developer","service":"binance-trader","status":429,"timestamp":"2026-03-28 04:40:19 UTC"}
{"error":"Request failed with status code 429","level":"error","message":"CryptoPanic fetch error","plan":"developer","service":"binance-trader","status":429,"timestamp":"2026-03-28 04:40:19 UTC"}
{"error":"Request failed with status code 429","level":"error","message":"CryptoPanic fetch error","plan":"developer","service":"binance-trader","status":429,"timestamp":"2026-03-28 04:40:20 UTC"}
{"error":"Request failed with status code 429","level":"error","message":"CryptoPanic fetch error","plan":"developer","service":"binance-trader","status":429,"timestamp":"2026-03-28 04:40:21 UTC"}
{"error":"Request failed with status code 429","level":"error","message":"CryptoPanic fetch error","plan":"developer","service":"binance-trader","status":429,"timestamp":"2026-03-28 04:40:21 UTC"}
{"error":"Request failed with status code 429","level":"error","message":"CryptoPanic fetch error","plan":"developer","service":"binance-trader","status":429,"timestamp":"2026-03-28 04:40:22 UTC"}
